Cloning into '/tmp/split-host-ci.xGsEae/jain-cli'...
HEAD is now at 1fdb6e4 feat(cli): add SageMaker test channel and cached readiness
lock_blob=6988125ad5dcf69bca6b5fc764edea242af8dd37
name=jain-cli
ref=1fdb6e4103aa1a79850fc56fed6aead508c875ef
commit=1fdb6e4103aa1a79850fc56fed6aead508c875ef
tree=fd0b81f0708abe11d8b99c437b6efccefa07ede6
release_checksum_sha256=8ae19dc43bbc762d04329d0efc8d613b33d70dfaf3c6c6164bc92d8c5d8d013e
info: syncing channel updates for 1.96.0-x86_64-unknown-linux-gnu
info: latest update on 2026-05-28 for version 1.96.0 (ac68faa20 2026-05-25)
info: downloading 6 components
check ok: /tmp/split-host-ci.xGsEae/jain-cli
[ci] cli required lane: no-native ci-smoke
    Updating crates.io index
    Updating git repository `http://127.0.0.1:8787/git/jeryu/jain-battle-gpu.git`
fatal: couldn't find remote ref refs/tags/jain-battle-gpu-v8.0.1-split.0
warning: spurious network error (3 tries remaining): process didn't exit successfully: `git fetch --no-tags --force --update-head-ok 'http://127.0.0.1:8787/git/jeryu/jain-battle-gpu.git' '+refs/tags/jain-battle-gpu-v8.0.1-split.0:refs/remotes/origin/tags/jain-battle-gpu-v8.0.1-split.0'` (exit status: 128)
fatal: couldn't find remote ref refs/tags/jain-battle-gpu-v8.0.1-split.0
warning: spurious network error (2 tries remaining): process didn't exit successfully: `git fetch --no-tags --force --update-head-ok 'http://127.0.0.1:8787/git/jeryu/jain-battle-gpu.git' '+refs/tags/jain-battle-gpu-v8.0.1-split.0:refs/remotes/origin/tags/jain-battle-gpu-v8.0.1-split.0'` (exit status: 128)
fatal: couldn't find remote ref refs/tags/jain-battle-gpu-v8.0.1-split.0
warning: spurious network error (1 try remaining): process didn't exit successfully: `git fetch --no-tags --force --update-head-ok 'http://127.0.0.1:8787/git/jeryu/jain-battle-gpu.git' '+refs/tags/jain-battle-gpu-v8.0.1-split.0:refs/remotes/origin/tags/jain-battle-gpu-v8.0.1-split.0'` (exit status: 128)
fatal: couldn't find remote ref refs/tags/jain-battle-gpu-v8.0.1-split.0
error: failed to get `battle-gpu` as a dependency of package `feat-cli v8.0.1 (/tmp/split-host-ci.xGsEae/jain-cli/crates/feat-cli)`

Caused by:
  failed to load source for dependency `battle-gpu`

Caused by:
  unable to update http://127.0.0.1:8787/git/jeryu/jain-battle-gpu.git?tag=jain-battle-gpu-v8.0.1-split.0

Caused by:
  failed to clone into: /tmp/split-host-ci.xGsEae/cargo-home/git/db/jain-battle-gpu-191512d19690af7e

Caused by:
  process didn't exit successfully: `git fetch --no-tags --force --update-head-ok 'http://127.0.0.1:8787/git/jeryu/jain-battle-gpu.git' '+refs/tags/jain-battle-gpu-v8.0.1-split.0:refs/remotes/origin/tags/jain-battle-gpu-v8.0.1-split.0'` (exit status: 128)
