Cloning into '/tmp/split-host-ci.V0qN5i/jain-math'...
HEAD is now at 7c9a039 ci(math): govern Jankurai 1.6.11 identity
lock_blob=7273c6e726b597eabe99faf0787b14e338013518
name=jain-math
ref=7c9a039c70ab48664c6c39f7fbbebe9351c4660e
commit=7c9a039c70ab48664c6c39f7fbbebe9351c4660e
tree=2c233d5d80bf986cdb90d3e308c946d6490ae844
release_checksum_sha256=aaeff24d41f83b4c4ff6f61b9228fd7c78c59fc64df57d3e7bc9d4758d307b00
info: syncing channel updates for 1.96.0-x86_64-unknown-linux-gnu
info: latest update on 2026-05-28 for version 1.96.0 (ac68faa20 2026-05-25)
info: downloading 6 components
check ok: /tmp/split-host-ci.V0qN5i/jain-math
[ci] Rust required lane: fmt + targeted clippy/test
    Updating crates.io index
 Downloading crates ...
  Downloaded block-buffer v0.10.4
  Downloaded cfg-if v1.0.4
  Downloaded autocfg v1.5.1
  Downloaded anyhow v1.0.103
  Downloaded bitflags v2.13.0
  Downloaded version_check v0.9.5
  Downloaded either v1.16.0
  Downloaded cpufeatures v0.2.17
  Downloaded unarray v0.1.4
  Downloaded rand_xorshift v0.4.0
  Downloaded itoa v1.0.18
  Downloaded generic-array v0.14.7
  Downloaded crypto-common v0.1.7
  Downloaded rand_core v0.9.5
  Downloaded zmij v1.0.21
  Downloaded sha2 v0.10.9
  Downloaded digest v0.10.7
  Downloaded crossbeam-utils v0.8.22
  Downloaded unicode-ident v1.0.24
  Downloaded quote v1.0.46
  Downloaded serde_core v1.0.228
  Downloaded typenum v1.20.1
  Downloaded serde_json v1.0.150
  Downloaded rand v0.9.4
  Downloaded rayon v1.12.0
  Downloaded memchr v2.8.2
  Downloaded serde v1.0.228
  Downloaded rayon-core v1.13.0
  Downloaded proptest v1.11.0
  Downloaded proc-macro2 v1.0.106
  Downloaded num-traits v0.2.19
  Downloaded getrandom v0.3.4
  Downloaded zerocopy v0.8.53
  Downloaded syn v2.0.118
  Downloaded serde_derive v1.0.228
  Downloaded crossbeam-deque v0.8.7
  Downloaded ppv-lite86 v0.2.21
  Downloaded regex-syntax v0.8.11
  Downloaded rand_chacha v0.9.0
  Downloaded crossbeam-epoch v0.9.20
  Downloaded libc v0.2.186
   Compiling version_check v0.9.5
   Compiling libc v0.2.186
    Checking cfg-if v1.0.4
   Compiling generic-array v0.14.7
   Compiling getrandom v0.3.4
   Compiling proc-macro2 v1.0.106
   Compiling crossbeam-utils v0.8.22
    Checking typenum v1.20.1
   Compiling unicode-ident v1.0.24
   Compiling crossbeam-epoch v0.9.20
   Compiling quote v1.0.46
   Compiling crossbeam-deque v0.8.7
   Compiling serde_core v1.0.228
   Compiling zerocopy v0.8.53
    Checking rand_core v0.9.5
   Compiling rayon-core v1.13.0
   Compiling autocfg v1.5.1
   Compiling zmij v1.0.21
   Compiling num-traits v0.2.19
   Compiling syn v2.0.118
    Checking block-buffer v0.10.4
    Checking crypto-common v0.1.7
   Compiling serde v1.0.228
   Compiling anyhow v1.0.103
   Compiling serde_json v1.0.150
    Checking digest v0.10.7
    Checking ppv-lite86 v0.2.21
   Compiling serde_derive v1.0.228
    Checking cpufeatures v0.2.17
    Checking either v1.16.0
    Checking memchr v2.8.2
    Checking itoa v1.0.18
    Checking rayon v1.12.0
    Checking sha2 v0.10.9
    Checking rand_chacha v0.9.0
    Checking rand_xorshift v0.4.0
    Checking rand v0.9.4
    Checking unarray v0.1.4
    Checking regex-syntax v0.8.11
    Checking bitflags v2.13.0
    Checking proptest v1.11.0
    Checking feat-math v8.0.1 (/tmp/split-host-ci.V0qN5i/jain-math/crates/feat-math)
    Finished `dev` profile [unoptimized + debuginfo] target(s) in 34.57s
   Compiling cfg-if v1.0.4
   Compiling libc v0.2.186
   Compiling typenum v1.20.1
   Compiling generic-array v0.14.7
   Compiling getrandom v0.3.4
   Compiling crossbeam-utils v0.8.22
   Compiling crossbeam-epoch v0.9.20
   Compiling rand_core v0.9.5
   Compiling crossbeam-deque v0.8.7
   Compiling serde_core v1.0.228
   Compiling zerocopy v0.8.53
   Compiling block-buffer v0.10.4
   Compiling crypto-common v0.1.7
   Compiling digest v0.10.7
   Compiling ppv-lite86 v0.2.21
   Compiling rayon-core v1.13.0
   Compiling zmij v1.0.21
   Compiling itoa v1.0.18
   Compiling memchr v2.8.2
   Compiling cpufeatures v0.2.17
   Compiling either v1.16.0
   Compiling rayon v1.12.0
   Compiling sha2 v0.10.9
   Compiling serde_json v1.0.150
   Compiling num-traits v0.2.19
   Compiling serde v1.0.228
   Compiling rand_chacha v0.9.0
   Compiling anyhow v1.0.103
   Compiling rand v0.9.4
   Compiling rand_xorshift v0.4.0
   Compiling regex-syntax v0.8.11
   Compiling bitflags v2.13.0
   Compiling unarray v0.1.4
   Compiling proptest v1.11.0
   Compiling feat-math v8.0.1 (/tmp/split-host-ci.V0qN5i/jain-math/crates/feat-math)
    Finished `test` profile [unoptimized + debuginfo] target(s) in 34.29s
     Running unittests src/lib.rs (/tmp/split-host-ci.V0qN5i/cargo-target/debug/deps/feat_math-4c888f3c1aafc938)

running 95 tests
test boost2::tests::histgbm2_small_n_falls_back_to_mean ... ok
test boost2::tests::histgbm2_param_clamps_hold ... ok
test dsl::tests::parser_rejects_unsupported_shape ... ok
test dsl::tests::parser_round_trips_canonical_pipeline ... ok
test dsl::tests::parser_round_trips_quoted_param_values ... ok
test engine::tests::evaluator_rejects_non_finite_inputs ... ok
test engine::tests::binary_metrics_are_deterministic_and_tie_aware ... ok
test explain::tests::explains_pipeline_stages_and_head ... ok
test folds::tests::folds_are_stable_and_balanced ... ok
test krr::tests::krr_small_n_falls_back_to_mean ... ok
test ksmooth::tests::ksmooth_small_n_falls_back_to_mean ... ok
test math_expr::tests::evaluates_elementwise_expression ... ok
test math_expr::tests::evaluates_row_expression ... ok
test math_expr::tests::step_is_a_hard_indicator ... ok
test math_expr::tests::rejects_unknown_and_deep_expressions ... ok
test mathexpr::tests::detects_legacy_hard_step_idiom ... ok
test mathexpr::tests::mirrors_reference_acceptance ... ok
test mathexpr::tests::parses_and_prints_both_languages ... ok
test mathexpr::tests::step_emits_explicit_conditional_not_scale_trick ... ok
test ops::tests::polar_lag_roll_shapes_and_values ... ok
test ops::tests::nystrom_landmarks_are_deterministic_train_rows ... ok
test ops::tests::map_and_derive_round_trip_expressions ... ok
test ops::tests::sigmoid_norm_row_and_diff_stats_values ... ok
test ops::tests::fft_mag_and_row_spectral_are_finite ... ok
test model::tests::target_stage_must_lead_the_pipeline ... ok
test plan::tests::quarantined_operator_cannot_compile ... ok
test model::tests::symbolic_affine_recovers_scaled_expression ... ok
test model::tests::ridge_pipeline_learns_linear_signal ... ok
test prime::tests::canonical_loader_rejects_oversize_before_deserialization ... ok
test registry::tests::count_sketch_remains_quarantined_and_non_generatable ... ok
test rng::tests::pcg32_reference_vectors ... ok
test model::tests::rank_gauss_target_beats_plain_ridge_on_heavy_tails ... ok
test registry::tests::registry_ids_and_names_are_unique ... ok
test rng::tests::uniform_and_gaussian_are_deterministic ... ok
test model::tests::target_aware_ops_are_oof_in_cv ... ok
test router_policy::tests::rejects_wrong_embedding_shape ... ok
test sandbox::tests::sandbox_rejects_non_finite_inputs ... ok
test router_policy::tests::parses_text_and_json_embeddings ... ok
test stack::tests::stack_small_n_falls_back_to_ridge ... ok
test plan::tests::jope_provenance_fails_closed_on_digest_or_lineage_tampering ... ok
test target_transform::tests::fit_target_rejects_bad_kinds ... ok
test sandbox::tests::sandbox_runs_candidate_against_baseline_on_250_rows ... ok
test target_transform::tests::log1p_is_exact_inverse_on_unit_scale ... ok
test target_transform::tests::rank_gauss_constant_target_is_safe ... ok
test sandbox::tests::sample_indices_are_deterministic_and_capped ... ok
test target_transform::tests::winsor_clips_and_inverse_is_identity ... ok
test tokens::tests::counting_is_deterministic_and_whitespace_immune ... ok
test tokens::tests::literal_token_costs ... ok
test target_transform::tests::rank_gauss_round_trips_train_values ... ok
test prime::tests::search_rejects_duplicate_candidate_ids_and_enforces_deadline ... ok
test plan::tests::frozen_generation_31_newmath_proposals_fail_typed_and_bind ... ok
test plan::tests::aliases_have_distinct_wire_and_equal_semantic_identity ... ok
test prime::tests::fitted_state_binding_includes_resolved_plan_parameters ... ok
test engine::tests::artifact_emission_is_stable ... ok
test ops::tests::svd_project_is_deterministic_and_orthonormal ... ok
test prime::tests::fitted_state_tampering_is_rejected_under_valid_plan_identity ... ok
test plan::tests::variants_are_bounded_and_deterministic ... ok
test plan::tests::featmath_translation_preserves_executor_clamps_and_ignored_topk ... ok
test model::tests::gbm_head_fits_deterministically ... ok
test prime::tests::fitted_round_trip_is_byte_and_prediction_identical ... ok
test prime::tests::fitted_state_rejects_parameter_shape_and_target_tampering_even_if_rebound ... ok
test prime::tests::cancellation_after_one_fold_is_typed_and_candidate_is_not_counted ... ok
test plan::tests::resources_and_operator_governance_are_bound_to_the_plan ... ok
test prime::tests::fitted_state_rejects_unreachable_shared_and_overdepth_tree_payloads ... ok
test prime::tests::fitted_ridge_artifact_retains_no_training_rows_or_target_vector ... ok
test prime::tests::cv5_counts_only_complete_candidates_and_retains_failure ... ok
test prime::tests::validation_fit_spy_sees_only_each_training_complement ... ok
test ops::tests::svd_pipeline_cv_smoke ... ok
test prime::tests::binary_cv5_returns_probabilities_and_auc_tie_break_data ... ok
test prime::tests::fit_rows_are_bound_and_nystrom_recompiles_per_fold ... ok
test prime::tests::jope_candidate_enters_cv_and_license_policy_is_fail_closed ... ok
test credit::tests::ledger_estimates_scale_with_pipeline_size ... ok
test plan::tests::frozen_generation_31_featmath_proposals_compile_and_bind ... ok
test ksmooth::tests::ksmooth_params_flow_through_the_genome ... ok
test prime::tests::fitted_predictions_are_singleton_chunk_permutation_and_distractor_invariant ... ok
test model::tests::rff_pipeline_beats_plain_ridge_on_nonlinearity ... ok
test ksmooth::tests::ksmooth_is_deterministic_and_learns_toy ... ok
test prime::tests::every_serializable_transform_and_head_validates_after_fit ... ok
test ops::tests::every_op_survives_near_constant_columns ... ok
test prime::tests::deadline_is_rechecked_after_fold_evaluator_returns ... ok
test boost2::tests::histgbm2_deep_config_is_deterministic_and_learns ... ok
test krr::tests::krr_subset_cap_is_exercised ... ok
test router_policy::tests::proposal_is_deterministic_and_supported ... ok
test krr::tests::krr_beats_plain_ridge_on_nonlinearity ... ok
test boost2::tests::histgbm2_explicit_defaults_match_bare_head ... ok
test boost2::tests::histgbm2_is_deterministic ... ok
test krr::tests::krr_is_deterministic_and_learns_toy ... ok
test boost2::tests::histgbm2_beats_histgbm_on_toy_cv ... ok
test evolve::tests::evolve_advance_stops_after_current_generation_with_ranked_candidates ... ok
test evolve::tests::evolve_improves_on_synthetic_regression ... ok
test evolve::tests::evolve_report_records_unique_fresh_evaluations ... ok
test evolve::tests::code_stream_is_leader_only ... ok
test evolve::tests::evolve_without_advance_runs_all_configured_generations ... ok
test stack::tests::stack_is_deterministic ... ok
test stack::tests::stack_matches_or_beats_single_heads_on_toy_cv ... ok

test result: ok. 95 passed; 0 failed; 0 ignored; 0 measured; 10 filtered out; finished in 10.12s

     Running tests/bench.rs (/tmp/split-host-ci.V0qN5i/cargo-target/debug/deps/bench-30a9f8a29e467e77)

running 1 test
test emitter_speed ... ignored

test result: ok. 0 passed; 0 failed; 1 ignored; 0 measured; 0 filtered out; finished in 0.00s

     Running tests/champion_parity.rs (/tmp/split-host-ci.V0qN5i/cargo-target/debug/deps/champion_parity-92f75e0e8aefdabd)

running 2 tests
test champion_executes_and_emits_dual_artifacts ... ok
test emitted_python_matches_interpreter_predictions ... ok

test result: ok. 2 passed; 0 failed; 0 ignored; 0 measured; 0 filtered out; finished in 0.82s

     Running tests/golden.rs (/tmp/split-host-ci.V0qN5i/cargo-target/debug/deps/golden-72f2e6c92ffbb344)

running 38 tests
test supports_rejects_unknown_ops ... ok
test lint_trips_on_poisoned_docs ... ok
test class_structure_and_no_machine_smell ... ok
test determinism_and_token_counts ... ok
test emitted_score_method_runs ... ok
test artifacts_are_lint_clean_and_standalone ... ok
test golden_symbolic_raw ... ok
test golden_step_symbolic ... ok
test golden_symbolic_affine ... ok
test golden_ksmooth_default ... ok
test golden_map_pow_elasticnet ... ok
test golden_rank_qbins_elasticnet ... ok
test golden_step_indicator ... ok
test golden_ksmooth_params ... ok
test golden_lag_roll_ridge ... ok
test golden_robust_ridge ... ok
test golden_step_map_expr ... ok
test golden_sigmoid_normrow_polar_ridge ... ok
test golden_map_derive_ridge ... ok
test golden_default_head_and_aliases ... ok
test golden_nystrom_gbm ... ok
test golden_svd_ridge ... ok
test golden_poly_rffsin_ridge ... ok
test golden_standardize_rff_ridge ... ok
test golden_fft_spectral_diffstats_ridge ... ok
test golden_winsor_gbm ... ok
test golden_blom_hinge_oblique_ridge ... ok
test golden_cheb_proj_landmark_rowstats_onehot_ridge ... ok
test golden_clean_class_multistage ... ok
test golden_pairprod_tbe_ensemble ... ok
test golden_histgbm2_huber_mae_stop ... ok
test golden_histgbm2_deep ... ok
test golden_histgbm2_params_with_transform ... ok
test golden_krr_default ... ok
test golden_histgbm2_default ... ok
test golden_stack ... ok
test golden_krr_subset_paths ... ok
test golden_stack_full_fixture ... ok

test result: ok. 38 passed; 0 failed; 0 ignored; 0 measured; 10 filtered out; finished in 23.22s

     Running tests/prime_runtime.rs (/tmp/split-host-ci.V0qN5i/cargo-target/debug/deps/prime_runtime-37721d34cca74f9a)

running 1 test
test public_prime_lime_flow_cv5_save_reload_predict ... ok

test result: ok. 1 passed; 0 failed; 0 ignored; 0 measured; 0 filtered out; finished in 0.02s

     Running tests/properties.rs (/tmp/split-host-ci.V0qN5i/cargo-target/debug/deps/properties-1ffbdd050f50942c)

running 6 tests
test prop_pcg32_stream_is_reproducible ... ok
test prop_pcg32_next_f64_in_unit_interval ... ok
test prop_math_expr_element_eval_is_stable ... ok
test prop_math_expr_row_eval_is_stable ... ok
test prop_fit_predict_is_deterministic_and_finite ... ok
test prop_champion_genome_predicts_finite ... ok

test result: ok. 6 passed; 0 failed; 0 ignored; 0 measured; 0 filtered out; finished in 1.40s

     Running tests/tokens.rs (/tmp/split-host-ci.V0qN5i/cargo-target/debug/deps/tokens-d753cdf88edcf3b9)

running 4 tests
test estimator_exact_with_custom_options ... ok
test estimator_exact_on_golden_fixtures ... ok
test estimator_exact_on_200_random_genomes ... ok
test estimator_is_fast_and_reports_cost ... ok

test result: ok. 4 passed; 0 failed; 0 ignored; 0 measured; 0 filtered out; finished in 3.32s

   Doc-tests feat_math

running 1 test
test crates/feat-math/src/prime.rs - prime::evaluate_candidates_cv5 (line 1175) ... ok

test result: ok. 1 passed; 0 failed; 0 ignored; 0 measured; 0 filtered out; finished in 0.25s

required ok: jain-math
 Downloading crates ...
  Downloaded wit-bindgen v0.57.1
  Downloaded r-efi v5.3.0
  Downloaded zerocopy-derive v0.8.53
  Downloaded wasip2 v1.0.4+wasi-0.2.12
running release Cargo command: build-all-features
   Compiling version_check v0.9.5
   Compiling cfg-if v1.0.4
   Compiling libc v0.2.186
   Compiling generic-array v0.14.7
   Compiling getrandom v0.3.4
   Compiling crossbeam-utils v0.8.22
   Compiling proc-macro2 v1.0.106
   Compiling typenum v1.20.1
   Compiling quote v1.0.46
   Compiling crossbeam-epoch v0.9.20
   Compiling unicode-ident v1.0.24
   Compiling zerocopy v0.8.53
   Compiling serde_core v1.0.228
   Compiling crossbeam-deque v0.8.7
   Compiling rand_core v0.9.5
   Compiling zmij v1.0.21
   Compiling rayon-core v1.13.0
   Compiling autocfg v1.5.1
   Compiling num-traits v0.2.19
   Compiling syn v2.0.118
   Compiling block-buffer v0.10.4
   Compiling crypto-common v0.1.7
   Compiling serde_json v1.0.150
   Compiling anyhow v1.0.103
   Compiling serde v1.0.228
   Compiling digest v0.10.7
   Compiling ppv-lite86 v0.2.21
   Compiling serde_derive v1.0.228
   Compiling either v1.16.0
   Compiling cpufeatures v0.2.17
   Compiling itoa v1.0.18
   Compiling memchr v2.8.2
   Compiling sha2 v0.10.9
   Compiling rayon v1.12.0
   Compiling rand_chacha v0.9.0
   Compiling rand_xorshift v0.4.0
   Compiling rand v0.9.4
   Compiling regex-syntax v0.8.11
   Compiling bitflags v2.13.0
   Compiling unarray v0.1.4
   Compiling proptest v1.11.0
   Compiling feat-math v8.0.1 (/tmp/split-host-ci.V0qN5i/jain-math/crates/feat-math)
    Finished `release` profile [optimized + debuginfo] target(s) in 2m 41s
running release Cargo command: test-all-features
   Compiling feat-math v8.0.1 (/tmp/split-host-ci.V0qN5i/jain-math/crates/feat-math)
    Finished `test` profile [unoptimized + debuginfo] target(s) in 0.17s
     Running unittests src/lib.rs (/tmp/split-host-ci.V0qN5i/cargo-target/debug/deps/feat_math-4c888f3c1aafc938)

running 105 tests
test boost2::tests::histgbm2_small_n_falls_back_to_mean ... ok
test boost2::tests::histgbm2_param_clamps_hold ... ok
test dsl::tests::parser_rejects_unsupported_shape ... ok
test dsl::tests::parser_round_trips_canonical_pipeline ... ok
test dsl::tests::parser_round_trips_quoted_param_values ... ok
test engine::tests::binary_metrics_are_deterministic_and_tie_aware ... ok
test engine::tests::evaluator_rejects_non_finite_inputs ... ok
test explain::tests::explains_pipeline_stages_and_head ... ok
test gpr::tests::composite_small_n_falls_back_to_mean ... ok
test folds::tests::folds_are_stable_and_balanced ... ok
test gpr::tests::gpr_small_n_falls_back_to_mean ... ok
test gpr::tests::kernel_expression_parser_accepts_and_rejects ... ok
test krr::tests::krr_small_n_falls_back_to_mean ... ok
test ksmooth::tests::ksmooth_small_n_falls_back_to_mean ... ok
test math_expr::tests::evaluates_elementwise_expression ... ok
test math_expr::tests::evaluates_row_expression ... ok
test math_expr::tests::step_is_a_hard_indicator ... ok
test math_expr::tests::rejects_unknown_and_deep_expressions ... ok
test mathexpr::tests::detects_legacy_hard_step_idiom ... ok
test mathexpr::tests::step_emits_explicit_conditional_not_scale_trick ... ok
test mathexpr::tests::mirrors_reference_acceptance ... ok
test mathexpr::tests::parses_and_prints_both_languages ... ok
test ops::tests::fft_mag_and_row_spectral_are_finite ... ok
test ops::tests::polar_lag_roll_shapes_and_values ... ok
test ops::tests::nystrom_landmarks_are_deterministic_train_rows ... ok
test model::tests::symbolic_affine_recovers_scaled_expression ... ok
test ops::tests::map_and_derive_round_trip_expressions ... ok
test ops::tests::sigmoid_norm_row_and_diff_stats_values ... ok
test model::tests::target_stage_must_lead_the_pipeline ... ok
test model::tests::ridge_pipeline_learns_linear_signal ... ok
test plan::tests::quarantined_operator_cannot_compile ... ok
test prime::tests::canonical_loader_rejects_oversize_before_deserialization ... ok
test plan::tests::jope_provenance_fails_closed_on_digest_or_lineage_tampering ... ok
test model::tests::target_aware_ops_are_oof_in_cv ... ok
test model::tests::rank_gauss_target_beats_plain_ridge_on_heavy_tails ... ok
test registry::tests::count_sketch_remains_quarantined_and_non_generatable ... ok
test rng::tests::pcg32_reference_vectors ... ok
test registry::tests::registry_ids_and_names_are_unique ... ok
test rng::tests::uniform_and_gaussian_are_deterministic ... ok
test router_policy::tests::rejects_wrong_embedding_shape ... ok
test router_policy::tests::parses_text_and_json_embeddings ... ok
test sandbox::tests::sandbox_rejects_non_finite_inputs ... ok
test sandbox::tests::sandbox_runs_candidate_against_baseline_on_250_rows ... ok
test stack::tests::stack_small_n_falls_back_to_ridge ... ok
test target_transform::tests::fit_target_rejects_bad_kinds ... ok
test target_transform::tests::log1p_is_exact_inverse_on_unit_scale ... ok
test target_transform::tests::rank_gauss_constant_target_is_safe ... ok
test sandbox::tests::sample_indices_are_deterministic_and_capped ... ok
test target_transform::tests::rank_gauss_round_trips_train_values ... ok
test prime::tests::search_rejects_duplicate_candidate_ids_and_enforces_deadline ... ok
test plan::tests::aliases_have_distinct_wire_and_equal_semantic_identity ... ok
test engine::tests::artifact_emission_is_stable ... ok
test plan::tests::frozen_generation_31_newmath_proposals_fail_typed_and_bind ... ok
test prime::tests::fitted_state_binding_includes_resolved_plan_parameters ... ok
test ops::tests::svd_project_is_deterministic_and_orthonormal ... ok
test plan::tests::resources_and_operator_governance_are_bound_to_the_plan ... ok
test prime::tests::fitted_state_tampering_is_rejected_under_valid_plan_identity ... ok
test prime::tests::fitted_ridge_artifact_retains_no_training_rows_or_target_vector ... ok
test plan::tests::variants_are_bounded_and_deterministic ... ok
test prime::tests::fitted_state_rejects_unreachable_shared_and_overdepth_tree_payloads ... ok
test target_transform::tests::winsor_clips_and_inverse_is_identity ... ok
test tokens::tests::counting_is_deterministic_and_whitespace_immune ... ok
test tokens::tests::literal_token_costs ... ok
test model::tests::gbm_head_fits_deterministically ... ok
test prime::tests::cancellation_after_one_fold_is_typed_and_candidate_is_not_counted ... ok
test prime::tests::fitted_round_trip_is_byte_and_prediction_identical ... ok
test plan::tests::featmath_translation_preserves_executor_clamps_and_ignored_topk ... ok
test prime::tests::fitted_state_rejects_parameter_shape_and_target_tampering_even_if_rebound ... ok
test prime::tests::cv5_counts_only_complete_candidates_and_retains_failure ... ok
test prime::tests::binary_cv5_returns_probabilities_and_auc_tie_break_data ... ok
test prime::tests::validation_fit_spy_sees_only_each_training_complement ... ok
test ops::tests::svd_pipeline_cv_smoke ... ok
test prime::tests::fit_rows_are_bound_and_nystrom_recompiles_per_fold ... ok
test credit::tests::ledger_estimates_scale_with_pipeline_size ... ok
test plan::tests::frozen_generation_31_featmath_proposals_compile_and_bind ... ok
test prime::tests::jope_candidate_enters_cv_and_license_policy_is_fail_closed ... ok
test ksmooth::tests::ksmooth_params_flow_through_the_genome ... ok
test prime::tests::fitted_predictions_are_singleton_chunk_permutation_and_distractor_invariant ... ok
test model::tests::rff_pipeline_beats_plain_ridge_on_nonlinearity ... ok
test ksmooth::tests::ksmooth_is_deterministic_and_learns_toy ... ok
test gpr::tests::gpr_subset_cap_is_exercised ... ok
test prime::tests::every_serializable_transform_and_head_validates_after_fit ... ok
test ops::tests::every_op_survives_near_constant_columns ... ok
test prime::tests::deadline_is_rechecked_after_fold_evaluator_returns ... ok
test boost2::tests::histgbm2_deep_config_is_deterministic_and_learns ... ok
test krr::tests::krr_subset_cap_is_exercised ... ok
test router_policy::tests::proposal_is_deterministic_and_supported ... ok
test krr::tests::krr_beats_plain_ridge_on_nonlinearity ... ok
test boost2::tests::histgbm2_explicit_defaults_match_bare_head ... ok
test boost2::tests::histgbm2_is_deterministic ... ok
test krr::tests::krr_is_deterministic_and_learns_toy ... ok
test boost2::tests::histgbm2_beats_histgbm_on_toy_cv ... ok
test evolve::tests::evolve_improves_on_synthetic_regression ... ok
test evolve::tests::evolve_advance_stops_after_current_generation_with_ranked_candidates ... ok
test evolve::tests::code_stream_is_leader_only ... ok
test evolve::tests::evolve_report_records_unique_fresh_evaluations ... ok
test evolve::tests::evolve_without_advance_runs_all_configured_generations ... ok
test gpr::tests::gpr_learns_relevance_and_ignores_noise_feature ... ok
test gpr::tests::linear_kernel_nails_a_linear_target ... ok
test stack::tests::stack_is_deterministic ... ok
test stack::tests::stack_matches_or_beats_single_heads_on_toy_cv ... ok
test gpr::tests::gpr_matches_or_beats_krr_on_toy ... ok
test gpr::tests::gpr_is_deterministic_and_learns_toy ... ok
test gpr::tests::periodic_kernel_beats_rbf_on_periodic_signal ... ok
test gpr::tests::composite_kernels_are_deterministic_and_learn_toy ... ok

test result: ok. 105 passed; 0 failed; 0 ignored; 0 measured; 0 filtered out; finished in 53.51s

     Running tests/bench.rs (/tmp/split-host-ci.V0qN5i/cargo-target/debug/deps/bench-30a9f8a29e467e77)

running 1 test
test emitter_speed ... ignored

test result: ok. 0 passed; 0 failed; 1 ignored; 0 measured; 0 filtered out; finished in 0.00s

     Running tests/champion_parity.rs (/tmp/split-host-ci.V0qN5i/cargo-target/debug/deps/champion_parity-92f75e0e8aefdabd)

running 2 tests
test champion_executes_and_emits_dual_artifacts ... ok
test emitted_python_matches_interpreter_predictions ... ok

test result: ok. 2 passed; 0 failed; 0 ignored; 0 measured; 0 filtered out; finished in 0.82s

     Running tests/golden.rs (/tmp/split-host-ci.V0qN5i/cargo-target/debug/deps/golden-72f2e6c92ffbb344)

running 48 tests
test supports_rejects_unknown_ops ... ok
test lint_trips_on_poisoned_docs ... ok
test class_structure_and_no_machine_smell ... ok
test determinism_and_token_counts ... ok
test emitted_score_method_runs ... ok
test artifacts_are_lint_clean_and_standalone ... ok
test golden_symbolic_raw ... ok
test golden_symbolic_affine ... ok
test golden_step_symbolic ... ok
test golden_ksmooth_default ... ok
test golden_map_pow_elasticnet ... ok
test golden_ksmooth_params ... ok
test golden_step_map_expr ... ok
test golden_rank_qbins_elasticnet ... ok
test golden_map_derive_ridge ... ok
test golden_robust_ridge ... ok
test golden_lag_roll_ridge ... ok
test golden_step_indicator ... ok
test golden_default_head_and_aliases ... ok
test golden_sigmoid_normrow_polar_ridge ... ok
test golden_poly_rffsin_ridge ... ok
test golden_fft_spectral_diffstats_ridge ... ok
test golden_winsor_gbm ... ok
test golden_nystrom_gbm ... ok
test golden_standardize_rff_ridge ... ok
test golden_svd_ridge ... ok
test golden_blom_hinge_oblique_ridge ... ok
test golden_cheb_proj_landmark_rowstats_onehot_ridge ... ok
test golden_clean_class_multistage ... ok
test golden_pairprod_tbe_ensemble ... ok
test golden_gpr_subset_paths ... ok
test golden_histgbm2_huber_mae_stop ... ok
test golden_histgbm2_deep ... ok
test golden_gpr_rq_linear_transform ... ok
test golden_histgbm2_params_with_transform ... ok
test golden_krr_default ... ok
test golden_gpr_rbf_periodic ... ok
test golden_gpr_standardize ... ok
test golden_gpr_rbf_linear ... ok
test golden_gpr_linear_winsor ... ok
test golden_histgbm2_default ... ok
test golden_gpr_rq ... ok
test golden_gpr_rff ... ok
test golden_gpr_default ... ok
test golden_stack ... ok
test golden_gpr_optcap_paths ... ok
test golden_krr_subset_paths ... ok
test golden_stack_full_fixture ... ok

test result: ok. 48 passed; 0 failed; 0 ignored; 0 measured; 0 filtered out; finished in 22.42s

     Running tests/prime_runtime.rs (/tmp/split-host-ci.V0qN5i/cargo-target/debug/deps/prime_runtime-37721d34cca74f9a)

running 1 test
test public_prime_lime_flow_cv5_save_reload_predict ... ok

test result: ok. 1 passed; 0 failed; 0 ignored; 0 measured; 0 filtered out; finished in 0.02s

     Running tests/properties.rs (/tmp/split-host-ci.V0qN5i/cargo-target/debug/deps/properties-1ffbdd050f50942c)

running 6 tests
test prop_pcg32_next_f64_in_unit_interval ... ok
test prop_pcg32_stream_is_reproducible ... ok
test prop_math_expr_element_eval_is_stable ... ok
test prop_math_expr_row_eval_is_stable ... ok
test prop_fit_predict_is_deterministic_and_finite ... ok
test prop_champion_genome_predicts_finite ... ok

test result: ok. 6 passed; 0 failed; 0 ignored; 0 measured; 0 filtered out; finished in 1.32s

     Running tests/tokens.rs (/tmp/split-host-ci.V0qN5i/cargo-target/debug/deps/tokens-d753cdf88edcf3b9)

running 4 tests
test estimator_exact_with_custom_options ... ok
test estimator_exact_on_golden_fixtures ... ok
test estimator_exact_on_200_random_genomes ... ok
test estimator_is_fast_and_reports_cost ... ok

test result: ok. 4 passed; 0 failed; 0 ignored; 0 measured; 0 filtered out; finished in 3.30s

     Running unittests examples/evolve_smoke.rs (/tmp/split-host-ci.V0qN5i/cargo-target/debug/examples/evolve_smoke-6b9065d13be795de)

running 0 tests

test result: ok. 0 passed; 0 failed; 0 ignored; 0 measured; 0 filtered out; finished in 0.00s

wrote /home/ubuntu/jain-split/jain-split-ops/docs/release-evidence/8.0.1/ci/jain-math-7c9a039c70ab48664c6c39f7fbbebe9351c4660e-cargo.json
jankurai-security-step={"label":"gitleaks","tool":"gitleaks","shell_command":"gitleaks detect --source . --redact --no-banner","status":"ran","advisory":false,"exit_code":0}
jankurai-security-step={"label":"actionlint","tool":"actionlint","shell_command":"actionlint","status":"ran","advisory":false,"exit_code":0}
security ok (tabpfn_hits=0, fallback_advisory=0)
[smart] full scan — --full requested
score=86 raw=86 caps=0 findings=3
score ok: 86 (baseline posture; hard=0)
score ok: jain-split-ops
error: toolchain 'nightly-x86_64-unknown-linux-gnu' is not installed
help: run `rustup toolchain install nightly-x86_64-unknown-linux-gnu` to install it
Error: `"Cargo.toml"` is a virtual manifest.

Listing or diffing the public API of an entire workspace is not supported.

Try

    cargo public-api -p specific-crate

