Cloning into '/tmp/split-host-ci.nawrLX/jain-zyal'...
HEAD is now at cd33b26 fix(release): preserve zyal registry lock lineage
lock_blob=94e1c1efae13bf06f8d07cf83eb4e887fca72cfb
name=jain-zyal
ref=cd33b26ab97a965c21ccafb867b39df2341601df
commit=cd33b26ab97a965c21ccafb867b39df2341601df
tree=c1f6644cc0246ef25bf6ada945ef601282cde21b
release_checksum_sha256=6e36abaca06e82b8aee84ebfa3e08901eb8526ce86a504d6ba29ada42d8c25f5
info: syncing channel updates for 1.96.0-x86_64-unknown-linux-gnu
info: latest update on 2026-05-28 for version 1.96.0 (ac68faa20 2026-05-25)
info: downloading 6 components
check ok: /tmp/split-host-ci.nawrLX/jain-zyal
    Updating crates.io index
warning: manifest has no documentation, homepage or repository
  |
  = note: see https://doc.rust-lang.org/cargo/reference/manifest.html#package-metadata for more info
   Packaging jain-zyal v8.0.1 (/tmp/split-host-ci.nawrLX/jain-zyal)
    Updating crates.io index
    Packaged 63 files, 84.9KiB (26.2KiB compressed)
   Verifying jain-zyal v8.0.1 (/tmp/split-host-ci.nawrLX/jain-zyal)
 Downloading crates ...
  Downloaded crypto-common v0.1.7
  Downloaded cfg-if v1.0.4
  Downloaded block-buffer v0.10.4
  Downloaded anyhow v1.0.103
  Downloaded cpufeatures v0.2.17
  Downloaded generic-array v0.14.7
  Downloaded version_check v0.9.5
  Downloaded sha2 v0.10.9
  Downloaded zmij v1.0.21
  Downloaded unicode-ident v1.0.24
  Downloaded serde_derive v1.0.228
  Downloaded serde v1.0.228
  Downloaded typenum v1.20.1
  Downloaded memchr v2.8.3
  Downloaded serde_core v1.0.228
  Downloaded serde_json v1.0.150
  Downloaded proc-macro2 v1.0.106
  Downloaded itoa v1.0.18
  Downloaded quote v1.0.46
  Downloaded digest v0.10.7
  Downloaded syn v2.0.118
   Compiling version_check v0.9.5
   Compiling generic-array v0.14.7
   Compiling proc-macro2 v1.0.106
   Compiling quote v1.0.46
   Compiling unicode-ident v1.0.24
   Compiling typenum v1.20.1
   Compiling serde_core v1.0.228
   Compiling zmij v1.0.21
   Compiling syn v2.0.118
   Compiling block-buffer v0.10.4
   Compiling crypto-common v0.1.7
   Compiling anyhow v1.0.103
   Compiling serde v1.0.228
   Compiling serde_json v1.0.150
   Compiling digest v0.10.7
   Compiling serde_derive v1.0.228
   Compiling cfg-if v1.0.4
   Compiling cpufeatures v0.2.17
   Compiling itoa v1.0.18
   Compiling memchr v2.8.3
   Compiling sha2 v0.10.9
   Compiling jain-zyal v8.0.1 (/tmp/split-host-ci.nawrLX/cargo-target/package/jain-zyal-8.0.1)
    Finished `dev` profile [unoptimized + debuginfo] target(s) in 13.56s
package identity ok: jain-zyal 8.0.1
[ci] Rust required lane: complete ZYAL compiler/supervisor package
 Downloading crates ...
  Downloaded bit-set v0.8.0
  Downloaded bitflags v2.13.0
  Downloaded unarray v0.1.4
  Downloaded rand_xorshift v0.4.0
  Downloaded bit-vec v0.8.0
  Downloaded fnv v1.0.7
  Downloaded errno v0.3.14
  Downloaded quick-error v1.2.3
  Downloaded wait-timeout v0.2.1
  Downloaded getrandom v0.3.4
  Downloaded rusty-fork v0.3.1
  Downloaded tempfile v3.27.0
  Downloaded num-traits v0.2.19
  Downloaded getrandom v0.4.3
  Downloaded rand v0.9.5
  Downloaded once_cell v1.21.4
  Downloaded fastrand v2.4.1
  Downloaded rand_core v0.9.5
  Downloaded rand_chacha v0.9.0
  Downloaded ppv-lite86 v0.2.21
  Downloaded autocfg v1.5.1
  Downloaded proptest v1.11.0
  Downloaded zerocopy v0.8.54
  Downloaded regex-syntax v0.8.11
  Downloaded rustix v1.1.4
  Downloaded libc v0.2.186
  Downloaded linux-raw-sys v0.12.1
   Compiling libc v0.2.186
    Checking cfg-if v1.0.4
   Compiling getrandom v0.3.4
    Checking typenum v1.20.1
    Checking generic-array v0.14.7
   Compiling rustix v1.1.4
   Compiling getrandom v0.4.3
   Compiling zerocopy v0.8.54
    Checking rand_core v0.9.5
    Checking bitflags v2.13.0
    Checking linux-raw-sys v0.12.1
   Compiling autocfg v1.5.1
   Compiling num-traits v0.2.19
    Checking serde_core v1.0.228
    Checking crypto-common v0.1.7
    Checking block-buffer v0.10.4
    Checking once_cell v1.21.4
    Checking fastrand v2.4.1
    Checking tempfile v3.27.0
    Checking digest v0.10.7
    Checking ppv-lite86 v0.2.21
    Checking zmij v1.0.21
    Checking wait-timeout v0.2.1
    Checking cpufeatures v0.2.17
    Checking memchr v2.8.3
    Checking quick-error v1.2.3
    Checking bit-vec v0.8.0
    Checking fnv v1.0.7
    Checking itoa v1.0.18
    Checking serde_json v1.0.150
    Checking rusty-fork v0.3.1
    Checking bit-set v0.8.0
    Checking sha2 v0.10.9
    Checking serde v1.0.228
    Checking rand_chacha v0.9.0
    Checking anyhow v1.0.103
    Checking rand_xorshift v0.4.0
    Checking rand v0.9.5
    Checking unarray v0.1.4
    Checking regex-syntax v0.8.11
    Checking proptest v1.11.0
    Checking jain-zyal v8.0.1 (/tmp/split-host-ci.nawrLX/jain-zyal)
    Finished `dev` profile [unoptimized + debuginfo] target(s) in 20.56s
   Compiling libc v0.2.186
   Compiling getrandom v0.3.4
   Compiling rand_core v0.9.5
   Compiling bitflags v2.13.0
   Compiling linux-raw-sys v0.12.1
   Compiling rustix v1.1.4
   Compiling zerocopy v0.8.54
   Compiling getrandom v0.4.3
   Compiling once_cell v1.21.4
   Compiling fastrand v2.4.1
   Compiling tempfile v3.27.0
   Compiling ppv-lite86 v0.2.21
   Compiling wait-timeout v0.2.1
   Compiling quick-error v1.2.3
   Compiling bit-vec v0.8.0
   Compiling fnv v1.0.7
   Compiling rusty-fork v0.3.1
   Compiling bit-set v0.8.0
   Compiling num-traits v0.2.19
   Compiling rand_chacha v0.9.0
   Compiling rand_xorshift v0.4.0
   Compiling rand v0.9.5
   Compiling unarray v0.1.4
   Compiling regex-syntax v0.8.11
   Compiling proptest v1.11.0
   Compiling jain-zyal v8.0.1 (/tmp/split-host-ci.nawrLX/jain-zyal)
    Finished `test` profile [unoptimized + debuginfo] target(s) in 16.33s
     Running unittests src/lib.rs (/tmp/split-host-ci.nawrLX/cargo-target/debug/deps/jain_zyal-f667bd24d0fc2e87)

running 6 tests
test tests::compiles_and_records_both_hashes ... ok
test tests::caller_capabilities_fail_closed_and_include_required_tools ... ok
test tests::cancellation_is_bounded ... ok
test tests::fanout_budget_is_enforced_during_compilation ... ok
test tests::unsupported_version_fails_closed ... ok
test tests::completed_steps_emit_content_hashed_evidence_receipts ... ok

test result: ok. 6 passed; 0 failed; 0 ignored; 0 measured; 0 filtered out; finished in 0.00s

     Running tests/release_contract.rs (/tmp/split-host-ci.nawrLX/cargo-target/debug/deps/release_contract-6b6a820fdda4d7ee)

running 3 tests
test generated_contract_matches_reviewed_schema ... ok
test public_compile_and_supervise_contract_is_bounded ... ok
test zero_or_over_limit_budgets_fail_closed ... ok

test result: ok. 3 passed; 0 failed; 0 ignored; 0 measured; 0 filtered out; finished in 0.02s

required ok: jain-zyal
 Downloading crates ...
  Downloaded wit-bindgen v0.57.1
  Downloaded windows-link v0.2.1
  Downloaded r-efi v5.3.0
  Downloaded r-efi v6.0.0
  Downloaded zerocopy-derive v0.8.54
  Downloaded wasip2 v1.0.4+wasi-0.2.12
  Downloaded windows-sys v0.61.2
running release Cargo command: build-all-features
   Compiling libc v0.2.186
   Compiling cfg-if v1.0.4
   Compiling version_check v0.9.5
   Compiling generic-array v0.14.7
   Compiling getrandom v0.3.4
   Compiling proc-macro2 v1.0.106
   Compiling quote v1.0.46
   Compiling typenum v1.20.1
   Compiling unicode-ident v1.0.24
   Compiling rustix v1.1.4
   Compiling getrandom v0.4.3
   Compiling serde_core v1.0.228
   Compiling zerocopy v0.8.54
   Compiling rand_core v0.9.5
   Compiling linux-raw-sys v0.12.1
   Compiling autocfg v1.5.1
   Compiling zmij v1.0.21
   Compiling bitflags v2.13.0
   Compiling num-traits v0.2.19
   Compiling syn v2.0.118
   Compiling crypto-common v0.1.7
   Compiling block-buffer v0.10.4
   Compiling serde_json v1.0.150
   Compiling fastrand v2.4.1
   Compiling serde v1.0.228
   Compiling anyhow v1.0.103
   Compiling once_cell v1.21.4
   Compiling tempfile v3.27.0
   Compiling digest v0.10.7
   Compiling ppv-lite86 v0.2.21
   Compiling serde_derive v1.0.228
   Compiling wait-timeout v0.2.1
   Compiling cpufeatures v0.2.17
   Compiling fnv v1.0.7
   Compiling quick-error v1.2.3
   Compiling memchr v2.8.3
   Compiling bit-vec v0.8.0
   Compiling itoa v1.0.18
   Compiling bit-set v0.8.0
   Compiling rusty-fork v0.3.1
   Compiling sha2 v0.10.9
   Compiling rand_chacha v0.9.0
   Compiling rand_xorshift v0.4.0
   Compiling rand v0.9.5
   Compiling unarray v0.1.4
   Compiling regex-syntax v0.8.11
   Compiling proptest v1.11.0
   Compiling jain-zyal v8.0.1 (/tmp/split-host-ci.nawrLX/jain-zyal)
    Finished `release` profile [optimized] target(s) in 36.83s
running release Cargo command: test-all-features
    Finished `test` profile [unoptimized + debuginfo] target(s) in 0.03s
     Running unittests src/lib.rs (/tmp/split-host-ci.nawrLX/cargo-target/debug/deps/jain_zyal-f667bd24d0fc2e87)

running 6 tests
test tests::compiles_and_records_both_hashes ... ok
test tests::caller_capabilities_fail_closed_and_include_required_tools ... ok
test tests::cancellation_is_bounded ... ok
test tests::fanout_budget_is_enforced_during_compilation ... ok
test tests::unsupported_version_fails_closed ... ok
test tests::completed_steps_emit_content_hashed_evidence_receipts ... ok

test result: ok. 6 passed; 0 failed; 0 ignored; 0 measured; 0 filtered out; finished in 0.00s

     Running tests/release_contract.rs (/tmp/split-host-ci.nawrLX/cargo-target/debug/deps/release_contract-6b6a820fdda4d7ee)

running 3 tests
test generated_contract_matches_reviewed_schema ... ok
test public_compile_and_supervise_contract_is_bounded ... ok
test zero_or_over_limit_budgets_fail_closed ... ok

test result: ok. 3 passed; 0 failed; 0 ignored; 0 measured; 0 filtered out; finished in 0.02s

wrote /home/ubuntu/jain-split/jain-split-ops/docs/release-evidence/8.0.1/ci/jain-zyal-cd33b26ab97a965c21ccafb867b39df2341601df-cargo.json
jankurai-security-step={"label":"gitleaks","tool":"gitleaks","shell_command":"gitleaks detect --source . --redact --no-banner","status":"ran","advisory":false,"exit_code":0}
jankurai-security-step={"label":"actionlint","tool":"actionlint","shell_command":"actionlint","status":"ran","advisory":false,"exit_code":0}
jankurai-security-step={"label":"cargo-deny","tool":"cargo-deny","shell_command":"cargo deny check bans licenses sources","status":"ran","advisory":false,"exit_code":0}
pinned local RustSec advisory database is unavailable: /tmp/split-host-ci.nawrLX/home/.cargo/advisory-db
