Cloning into '/tmp/split-host-ci.PqBYDI/jain-domain'...
HEAD is now at 4383aef docs: prohibit git worktrees
lock_blob=a3c39eca6337d5ac81bb6e2dbf28ba42743f0442
name=jain-domain
ref=4383aef8b23dd194db12778db3fc378ab526b145
commit=4383aef8b23dd194db12778db3fc378ab526b145
tree=f4b0cfe6097de6dfe7cb6a01aaa50751e28c1418
release_checksum_sha256=944ba4adf12434e01b84bef58f1c1f5e52d2cce75523a8fd9a4e4d0c09c78bde
info: syncing channel updates for 1.96.0-x86_64-unknown-linux-gnu
info: latest update on 2026-05-28 for version 1.96.0 (ac68faa20 2026-05-25)
info: downloading 6 components
check ok: /tmp/split-host-ci.PqBYDI/jain-domain
[ci] Rust required lane: fmt + targeted clippy/test
    Updating crates.io index
 Downloading crates ...
  Downloaded cfg-if v1.0.4
  Downloaded bit-set v0.8.0
  Downloaded autocfg v1.5.1
  Downloaded bit-vec v0.8.0
  Downloaded bitflags v2.13.0
  Downloaded rand_xorshift v0.4.0
  Downloaded itoa v1.0.18
  Downloaded quick-error v1.2.3
  Downloaded fnv v1.0.7
  Downloaded wait-timeout v0.2.1
  Downloaded rand_core v0.9.5
  Downloaded unarray v0.1.4
  Downloaded rand_chacha v0.9.0
  Downloaded zmij v1.0.21
  Downloaded unicode-ident v1.0.24
  Downloaded proc-macro2 v1.0.106
  Downloaded serde v1.0.228
  Downloaded rand v0.9.4
  Downloaded memchr v2.8.2
  Downloaded num-traits v0.2.19
  Downloaded getrandom v0.3.4
  Downloaded serde_json v1.0.150
  Downloaded serde_derive v1.0.228
  Downloaded proptest v1.11.0
  Downloaded serde_core v1.0.228
  Downloaded getrandom v0.4.3
  Downloaded tempfile v3.27.0
  Downloaded rusty-fork v0.3.1
  Downloaded zerocopy v0.8.53
  Downloaded syn v2.0.118
  Downloaded regex-syntax v0.8.11
  Downloaded once_cell v1.21.4
  Downloaded quote v1.0.46
  Downloaded ppv-lite86 v0.2.21
  Downloaded fastrand v2.4.1
  Downloaded rustix v1.1.4
  Downloaded errno v0.3.14
  Downloaded libc v0.2.186
  Downloaded linux-raw-sys v0.12.1
   Compiling libc v0.2.186
    Checking cfg-if v1.0.4
   Compiling getrandom v0.3.4
   Compiling proc-macro2 v1.0.106
   Compiling unicode-ident v1.0.24
   Compiling quote v1.0.46
   Compiling rustix v1.1.4
   Compiling getrandom v0.4.3
   Compiling serde_core v1.0.228
   Compiling zerocopy v0.8.53
    Checking rand_core v0.9.5
    Checking bitflags v2.13.0
    Checking linux-raw-sys v0.12.1
   Compiling autocfg v1.5.1
   Compiling num-traits v0.2.19
   Compiling syn v2.0.118
   Compiling serde v1.0.228
   Compiling zmij v1.0.21
    Checking once_cell v1.21.4
    Checking fastrand v2.4.1
    Checking tempfile v3.27.0
    Checking ppv-lite86 v0.2.21
   Compiling serde_derive v1.0.228
    Checking wait-timeout v0.2.1
    Checking quick-error v1.2.3
    Checking bit-vec v0.8.0
    Checking fnv v1.0.7
   Compiling serde_json v1.0.150
    Checking rusty-fork v0.3.1
    Checking bit-set v0.8.0
    Checking rand_chacha v0.9.0
    Checking rand_xorshift v0.4.0
    Checking rand v0.9.4
    Checking unarray v0.1.4
    Checking itoa v1.0.18
    Checking memchr v2.8.2
    Checking regex-syntax v0.8.11
    Checking proptest v1.11.0
    Checking domain v8.0.0 (/tmp/split-host-ci.PqBYDI/jain-domain/crates/domain)
    Finished `dev` profile [unoptimized + debuginfo] target(s) in 31.03s
   Compiling libc v0.2.186
   Compiling cfg-if v1.0.4
   Compiling getrandom v0.3.4
   Compiling rand_core v0.9.5
   Compiling linux-raw-sys v0.12.1
   Compiling bitflags v2.13.0
   Compiling rustix v1.1.4
   Compiling zerocopy v0.8.53
   Compiling getrandom v0.4.3
   Compiling serde_core v1.0.228
   Compiling once_cell v1.21.4
   Compiling fastrand v2.4.1
   Compiling tempfile v3.27.0
   Compiling ppv-lite86 v0.2.21
   Compiling wait-timeout v0.2.1
   Compiling fnv v1.0.7
   Compiling bit-vec v0.8.0
   Compiling quick-error v1.2.3
   Compiling rusty-fork v0.3.1
   Compiling bit-set v0.8.0
   Compiling num-traits v0.2.19
   Compiling serde v1.0.228
   Compiling rand_chacha v0.9.0
   Compiling zmij v1.0.21
   Compiling rand v0.9.4
   Compiling rand_xorshift v0.4.0
   Compiling regex-syntax v0.8.11
   Compiling itoa v1.0.18
   Compiling memchr v2.8.2
   Compiling unarray v0.1.4
   Compiling proptest v1.11.0
   Compiling serde_json v1.0.150
   Compiling domain v8.0.0 (/tmp/split-host-ci.PqBYDI/jain-domain/crates/domain)
    Finished `test` profile [unoptimized + debuginfo] target(s) in 23.71s
     Running unittests src/lib.rs (/tmp/split-host-ci.PqBYDI/cargo-target/debug/deps/domain-ac801ff3913d7fc5)

running 4 tests
test tests::error_codes_have_stable_display_and_doc_links ... ok
test tests::deserializing_legacy_error_shape_defaults_purpose ... ok
test tests::jain_error_display_and_serde_shape_are_stable ... ok
test tests::repair_hints_route_each_code_to_a_lane_and_docs ... ok

test result: ok. 4 passed; 0 failed; 0 ignored; 0 measured; 0 filtered out; finished in 0.00s

     Running tests/error_contract.rs (/tmp/split-host-ci.PqBYDI/cargo-target/debug/deps/error_contract-54641fabe3de2a5c)

running 9 tests
test jain_error_composes_with_std_error_consumers ... ok
test package_identity_matches_the_jain_v8_contract ... ok
test serde_tokens_and_display_texts_are_distinct_across_all_codes ... ok
test docs_urls_are_repo_relative_markdown_anchors ... ok
test error_code_serde_token_is_kebab_case_and_roundtrips ... ok
test repair_hints_route_rerun_through_their_own_lane ... ok
test jain_error_display_always_embeds_the_repair_route ... ok
test jain_error_roundtrips_any_reason_through_json ... ok
test legacy_payloads_without_purpose_gain_the_default_purpose ... ok

test result: ok. 9 passed; 0 failed; 0 ignored; 0 measured; 0 filtered out; finished in 0.01s

   Doc-tests domain

running 0 tests

test result: ok. 0 passed; 0 failed; 0 ignored; 0 measured; 0 filtered out; finished in 0.00s

required ok: jain-domain
