[split-host-ci] governed jobs=8
[split-host-ci] cross-repo resolution: local bare mirrors (CI cache for local Jeryu tags)
[split-host-ci] running scripts/ci-local.sh required for jeryu/jain-jailgun @ 4eb6f4f7
   Compiling memchr v2.8.3
   Compiling syn v2.0.118
   Compiling uuid v1.23.4
   Compiling crypto-common v0.1.7
   Compiling block-buffer v0.10.4
   Compiling digest v0.10.7
   Compiling sha2 v0.10.9
   Compiling serde_derive v1.0.228
   Compiling chrono v0.4.45
   Compiling jain-jailgun v8.0.0 (/tmp/split-host-ci.KBZRdJ/jain-jailgun)
    Finished `release` profile [optimized] target(s) in 4.62s
running release Cargo command: test-all-features
    Finished `test` profile [unoptimized + debuginfo] target(s) in 0.02s
     Running unittests src/lib.rs (/tmp/split-host-ci.KBZRdJ/cargo-target/debug/deps/jain_jailgun-0db6b7525253bdd9)

running 4 tests
test tests::account_routing_exposes_only_browser_model ... ok
test tests::internal_token_is_required_and_owner_isolated ... ok
test tests::lifecycle_transitions_are_checked_and_restart_is_authenticated ... ok
test tests::public_records_never_serialize_internal_token_material ... ok

test result: ok. 4 passed; 0 failed; 0 ignored; 0 measured; 0 filtered out; finished in 0.00s

wrote /home/ubuntu/jain-split/jain-split-ops/docs/release-evidence/8.0.0/ci/jain-jailgun-4eb6f4f7878cdd6e8517a39bd527c250204177a1-cargo.json
jankurai-security-step={"label":"gitleaks","tool":"gitleaks","shell_command":"gitleaks detect --source . --redact --no-banner","status":"ran","advisory":false,"exit_code":0}
jankurai-security-step={"label":"actionlint","tool":"actionlint","shell_command":"actionlint","status":"ran","advisory":false,"exit_code":0}
security ok (tabpfn_hits=0, fallback_advisory=0)
[smart] full scan — --full requested
score=80 raw=80 caps=1 findings=11
score check failed: score regression: 80 < baseline 86 (allowed_drop=0);score 80 below enforced absolute floor 85
[split-host-ci] posted check-run jain-jailgun/required=failure on 4eb6f4f7
[split-host-ci] posted status jain-jailgun/required=failure on 4eb6f4f7
[split-host-ci] FAIL release score lane jeryu/jain-jailgun @ 4eb6f4f7
