repo_commit=182089fb4caad2c752ba9e5a5bd584adceab4e90
repo_tree=6a39984d52f32a11c96aef8df3418ad525c9348c
vendor_commit=b1bd2a6d77219e82a1acfcedfccb8e6f6c1ee084
vendor_tree=7da64b65183cd767998e63c63c56cd529229267d
vendor_tag=v1.2.10
vendor_postbuild_status_entries=6852
vendor_postbuild_status_sha256=5b4c31d912620bc27d9e61fc268ae7f0466306b8c1bf173410efe97fe6fcfaf5
vendor_postbuild_diff_sha256=3f71b2f70396cb3acf382e88eb5d53fa89480c46c558f5e4db3f7695e69a2ec8
vendor_postbuild_symlinks=0
repo_clone_status_entries=0
repo_clone_symlinks=0
native_build_fresh=true
cargo_required_target_fresh=true
cargo_coverage_target_fresh=true
network_used=false
rustc=rustc 1.96.0 (ac68faa20 2026-05-25)
cargo=cargo 1.96.0 (30a34c682 2026-05-25)
/bin/bash: line 1: /usr/bin/cmake: No such file or directory
cmake=
/bin/bash: line 1: /usr/bin/ninja: No such file or directory
ninja=
clang=Ubuntu clang version 18.1.3 (1ubuntu1)
ragel=Ragel State Machine Compiler version 6.10 March 2017
yasm=yasm 1.3.0
cmake_cache_sha256=675a3b57433cc5e143d37490d1d43f250ee4b5358141a2dc8e0bee4fec362331
CATBOOST_COMPONENTS:UNINITIALIZED=libs
CMAKE_BUILD_TYPE:STRING=Release
HAVE_CUDA:UNINITIALIZED=no
library_sha256=1b7a7df5650a94c3bc596d7cca07b896854cb769c1d3c353ab739c8894fa483a
library_size=28966016
library_cb_exports=cb_abi_version,cb_feature_importance,cb_free,cb_last_error,cb_load,cb_output_dim,cb_predict,cb_save,cb_train
lcov_sha256=e10c4603879aff6e167c5eac95e8eff27951ad0c396cbd02060e43818d9cef0a
cmake_resolved=/home/ubuntu/.local/bin/cmake
cmake_version=cmake version 4.3.2
ninja_resolved=/home/ubuntu/.local/bin/ninja
ninja_version=1.13.0.git.kitware.jobserver-pipe-1
CMAKE_CXX_COMPILER_AR:FILEPATH=/usr/bin/llvm-ar-18
CMAKE_CXX_COMPILER_CLANG_SCAN_DEPS:FILEPATH=CMAKE_CXX_COMPILER_CLANG_SCAN_DEPS-NOTFOUND
CMAKE_CXX_COMPILER_RANLIB:FILEPATH=/usr/bin/llvm-ranlib-18
CMAKE_C_COMPILER_AR:FILEPATH=/usr/bin/llvm-ar-18
CMAKE_C_COMPILER_CLANG_SCAN_DEPS:FILEPATH=CMAKE_C_COMPILER_CLANG_SCAN_DEPS-NOTFOUND
CMAKE_C_COMPILER_RANLIB:FILEPATH=/usr/bin/llvm-ranlib-18
CMAKE_CXX_COMPILER_AR-ADVANCED:INTERNAL=1
CMAKE_CXX_COMPILER_CLANG_SCAN_DEPS-ADVANCED:INTERNAL=1
CMAKE_CXX_COMPILER_RANLIB-ADVANCED:INTERNAL=1
CMAKE_C_COMPILER_AR-ADVANCED:INTERNAL=1
CMAKE_C_COMPILER_CLANG_SCAN_DEPS-ADVANCED:INTERNAL=1
CMAKE_C_COMPILER_RANLIB-ADVANCED:INTERNAL=1
