$ bash scripts/ci-local.sh pr-ci
[redline-ci] pr-ci: fast lane
[redline-ci] fast: checking shell syntax
[redline-ci] fast: checking CI language boundary
    Checking redline-web-release-control v0.1.0 (/tmp/redline-family-ci-192313-1784173362536058738/redline-web/tools/release-control)
    Finished `dev` profile [unoptimized + debuginfo] target(s) in 0.32s
   Compiling redline-web-release-control v0.1.0 (/tmp/redline-family-ci-192313-1784173362536058738/redline-web/tools/release-control)
    Finished `test` profile [unoptimized + debuginfo] target(s) in 0.33s
     Running unittests src/main.rs (tools/release-control/target/debug/deps/redline_web_release_control-70a6615ff3357b33)

running 4 tests
test tests::detects_source_extensions_case_insensitively ... ok
test tests::detects_direct_and_split_interpreter_commands ... ok
test tests::ignores_documentation_comments_and_unrelated_words ... ok
test tests::repository_satisfies_language_boundary ... ok

test result: ok. 4 passed; 0 failed; 0 ignored; 0 measured; 0 filtered out; finished in 0.03s

language boundary: no forbidden interpreter files or invocations
[redline-ci] fast: rust fmt + check
   Compiling libc v0.2.186
    Checking cfg-if v1.0.4
   Compiling proc-macro2 v1.0.106
   Compiling quote v1.0.45
   Compiling unicode-ident v1.0.24
   Compiling version_check v0.9.5
    Checking pin-project-lite v0.2.17
    Checking once_cell v1.21.4
    Checking bytes v1.11.1
    Checking smallvec v1.15.1
    Checking futures-core v0.3.32
   Compiling parking_lot_core v0.9.12
    Checking scopeguard v1.2.0
    Checking futures-sink v0.3.32
    Checking itoa v1.0.18
   Compiling unicase v2.9.0
    Checking memchr v2.8.1
   Compiling zerocopy v0.8.52
   Compiling typenum v1.20.1
   Compiling serde_core v1.0.228
    Checking log v0.4.32
    Checking slab v0.4.12
    Checking bitflags v2.13.0
    Checking futures-task v0.3.32
    Checking mime v0.3.17
    Checking lock_api v0.4.14
   Compiling crc32fast v1.5.0
    Checking futures-io v0.3.32
    Checking futures-channel v0.3.32
    Checking tower-service v0.3.3
    Checking tracing-core v0.1.36
    Checking adler2 v2.0.1
   Compiling mime_guess v2.0.5
   Compiling httparse v1.10.1
   Compiling getrandom v0.3.4
   Compiling find-msvc-tools v0.1.9
   Compiling shlex v2.0.1
    Checking simd-adler32 v0.3.9
   Compiling option-ext v0.2.0
   Compiling vcpkg v0.2.15
   Compiling serde v1.0.228
    Checking regex-syntax v0.8.11
   Compiling same-file v1.0.6
    Checking tower-layer v0.3.3
   Compiling generic-array v0.14.7
   Compiling ahash v0.8.12
   Compiling cc v1.2.63
    Checking miniz_oxide v0.8.9
    Checking httpdate v1.0.3
   Compiling pkg-config v0.3.33
    Checking http v1.4.2
    Checking utf8parse v0.2.2
    Checking percent-encoding v2.3.2
   Compiling cpufeatures v0.2.17
   Compiling zmij v1.0.21
   Compiling walkdir v2.5.0
    Checking colorchoice v1.0.5
   Compiling rustix v1.1.4
   Compiling getrandom v0.4.2
    Checking anstyle-query v1.1.5
    Checking is_terminal_polyfill v1.70.2
    Checking anstyle-parse v1.0.0
   Compiling serde_json v1.0.150
    Checking compression-core v0.4.32
    Checking atomic-waker v1.1.2
    Checking anstyle v1.0.14
    Checking sync_wrapper v1.0.2
    Checking form_urlencoded v1.2.2
    Checking ryu v1.0.23
   Compiling heck v0.5.0
   Compiling thiserror v2.0.18
    Checking flate2 v1.1.9
   Compiling anyhow v1.0.103
    Checking anstream v1.0.0
    Checking linux-raw-sys v0.12.1
    Checking strsim v0.11.1
    Checking clap_lex v1.1.0
   Compiling autocfg v1.5.1
    Checking lazy_static v1.5.0
    Checking tracing-log v0.2.0
    Checking thread_local v1.1.9
   Compiling syn v2.0.117
    Checking sharded-slab v0.1.7
    Checking fastrand v2.4.1
    Checking fallible-iterator v0.3.0
    Checking clap_builder v4.6.0
    Checking compression-codecs v0.4.38
    Checking http-range-header v0.4.2
    Checking nu-ansi-term v0.50.3
    Checking fallible-streaming-iterator v0.1.9
    Checking matchit v0.8.4
    Checking quick-error v1.2.3
    Checking http-body v1.0.1
    Checking fnv v1.0.7
    Checking bit-vec v0.8.0
    Checking unarray v0.1.4
    Checking http-body-util v0.1.3
   Compiling num-traits v0.2.19
    Checking bit-set v0.8.0
   Compiling libsqlite3-sys v0.30.1
    Checking errno v0.3.14
    Checking mio v1.2.1
    Checking socket2 v0.6.4
    Checking wait-timeout v0.2.1
   Compiling dirs-sys v0.5.0
    Checking crypto-common v0.1.7
    Checking block-buffer v0.10.4
    Checking signal-hook-registry v1.4.8
    Checking rand_core v0.9.5
    Checking digest v0.10.7
   Compiling dirs v6.0.0
    Checking parking_lot v0.12.5
   Compiling shellexpand v3.1.2
    Checking rand v0.9.4
    Checking rand_xorshift v0.4.0
    Checking sha2 v0.10.9
    Checking regex-automata v0.4.14
    Checking rust-embed-utils v8.11.0
    Checking serde_path_to_error v0.1.20
    Checking tempfile v3.27.0
    Checking rusty-fork v0.3.1
    Checking matchers v0.2.0
    Checking ppv-lite86 v0.2.21
    Checking hashbrown v0.14.5
    Checking rand_chacha v0.9.0
   Compiling tokio-macros v2.7.0
   Compiling futures-macro v0.3.32
   Compiling tracing-attributes v0.1.31
   Compiling serde_derive v1.0.228
   Compiling thiserror-impl v2.0.18
   Compiling axum-macros v0.5.1
   Compiling clap_derive v4.6.1
   Compiling rust-embed-impl v8.11.0
    Checking proptest v1.11.0
    Checking hashlink v0.9.1
    Checking tokio v1.52.3
    Checking rust-embed v8.11.0
    Checking futures-util v0.3.32
    Checking tracing v0.1.44
    Checking axum-core v0.5.6
    Checking tracing-subscriber v0.3.23
    Checking clap v4.6.1
    Checking serde_urlencoded v0.7.1
    Checking futures-executor v0.3.32
    Checking futures v0.3.32
    Checking hyper v1.10.1
    Checking tokio-util v0.7.18
    Checking tower v0.5.3
    Checking async-compression v0.4.42
    Checking tower-http v0.6.11
    Checking tokio-stream v0.1.18
    Checking hyper-util v0.1.20
    Checking axum v0.8.9
    Checking rusqlite v0.32.1
    Checking redline-web-server v0.1.0 (/tmp/redline-family-ci-192313-1784173362536058738/redline-web/apps/api)
    Finished `dev` profile [unoptimized + debuginfo] target(s) in 10.82s
[redline-ci] fast: verifying npm lockfile
npm warn deprecated whatwg-encoding@3.1.1: Use @exodus/bytes instead for a more spec-conformant and faster implementation
npm warn deprecated recharts@2.15.4: 1.x and 2.x branches are no longer active. Bump to Recharts v3 to receive latest features and bugfixes. See https://github.com/recharts/recharts/wiki/3.0-migration-guide

added 329 packages in 3s
[redline-ci] fast: linting GitHub Actions
[redline-ci] fast: complete
[redline-ci] pr-ci: frontend lane
[redline-ci] web: npm ci
npm warn deprecated whatwg-encoding@3.1.1: Use @exodus/bytes instead for a more spec-conformant and faster implementation
npm warn deprecated recharts@2.15.4: 1.x and 2.x branches are no longer active. Bump to Recharts v3 to receive latest features and bugfixes. See https://github.com/recharts/recharts/wiki/3.0-migration-guide

added 329 packages in 2s
[redline-ci] web: typecheck

> @neverhuman/redline-web@0.1.0 typecheck
> tsc --noEmit

[redline-ci] web: lint

> @neverhuman/redline-web@0.1.0 lint
> eslint . --max-warnings=0

[redline-ci] web: unit tests

> @neverhuman/redline-web@0.1.0 test
> vitest run


[1m[46m RUN [49m[22m [36mv3.2.7 [39m[90m/tmp/redline-family-ci-192313-1784173362536058738/redline-web/apps/web[39m

 [32m✓[39m src/lib/playwright-config.test.ts [2m([22m[2m2 tests[22m[2m)[22m[32m 2[2mms[22m[39m
 [32m✓[39m src/api/client.test.ts [2m([22m[2m5 tests[22m[2m)[22m[32m 4[2mms[22m[39m
 [32m✓[39m src/components/ResultsGrid.test.tsx [2m([22m[2m2 tests[22m[2m)[22m[32m 39[2mms[22m[39m
 [32m✓[39m src/lib/format.test.ts [2m([22m[2m13 tests[22m[2m)[22m[32m 149[2mms[22m[39m
 [32m✓[39m src/components/QueryConsole.test.tsx [2m([22m[2m3 tests[22m[2m)[22m[32m 159[2mms[22m[39m

[2m Test Files [22m [1m[32m5 passed[39m[22m[90m (5)[39m
[2m      Tests [22m [1m[32m25 passed[39m[22m[90m (25)[39m
[2m   Start at [22m 04:17:38
[2m   Duration [22m 1.50s[2m (transform 155ms, setup 256ms, collect 332ms, tests 354ms, environment 1.91s, prepare 387ms)[22m

[redline-ci] web: build

> @neverhuman/redline-web@0.1.0 build
> tsc -b && vite build

[36mvite v6.4.3 [32mbuilding for production...[36m[39m
transforming...
[32m✓[39m 706 modules transformed.
rendering chunks...
computing gzip size...
[2mdist/[22m[32mindex.html                 [39m[1m[2m  0.49 kB[22m[1m[22m[2m │ gzip:   0.32 kB[22m
[2mdist/[22m[2massets/[22m[35mindex-BYKRgdJ7.css  [39m[1m[2m 12.42 kB[22m[1m[22m[2m │ gzip:   2.99 kB[22m
[2mdist/[22m[2massets/[22m[36mindex-CwNOHE9X.js   [39m[1m[33m651.81 kB[39m[22m[2m │ gzip: 188.44 kB[22m[2m │ map: 2,838.69 kB[22m
[33m
(!) Some chunks are larger than 500 kB after minification. Consider:
- Using dynamic import() to code-split the application
- Use build.rollupOptions.output.manualChunks to improve chunking: https://rollupjs.org/configuration-options/#output-manualchunks
- Adjust chunk size limit for this warning via build.chunkSizeWarningLimit.[39m
[32m✓ built in 5.46s[39m
[redline-ci] web: complete
[redline-ci] pr-ci: backend lane
[redline-ci] backend: fmt
[redline-ci] backend: clippy
    Checking redline-web-server v0.1.0 (/tmp/redline-family-ci-192313-1784173362536058738/redline-web/apps/api)
    Finished `dev` profile [unoptimized + debuginfo] target(s) in 2.89s
[redline-ci] backend: tests
   Compiling cfg-if v1.0.4
   Compiling pin-project-lite v0.2.17
   Compiling once_cell v1.21.4
   Compiling futures-core v0.3.32
   Compiling smallvec v1.15.1
   Compiling bytes v1.11.1
   Compiling scopeguard v1.2.0
   Compiling itoa v1.0.18
   Compiling futures-sink v0.3.32
   Compiling memchr v2.8.1
   Compiling typenum v1.20.1
   Compiling unicase v2.9.0
   Compiling mime v0.3.17
   Compiling log v0.4.32
   Compiling futures-task v0.3.32
   Compiling slab v0.4.12
   Compiling futures-io v0.3.32
   Compiling libc v0.2.186
   Compiling zerocopy v0.8.52
   Compiling bitflags v2.13.0
   Compiling serde_core v1.0.228
   Compiling adler2 v2.0.1
   Compiling lock_api v0.4.14
   Compiling tower-service v0.3.3
   Compiling simd-adler32 v0.3.9
   Compiling futures-channel v0.3.32
   Compiling crc32fast v1.5.0
   Compiling tower-layer v0.3.3
   Compiling utf8parse v0.2.2
   Compiling httpdate v1.0.3
   Compiling tracing-core v0.1.36
   Compiling same-file v1.0.6
   Compiling cpufeatures v0.2.17
   Compiling percent-encoding v2.3.2
   Compiling regex-syntax v0.8.11
   Compiling mime_guess v2.0.5
   Compiling anstyle-parse v1.0.0
   Compiling httparse v1.10.1
   Compiling miniz_oxide v0.8.9
   Compiling anstyle v1.0.14
   Compiling sync_wrapper v1.0.2
   Compiling colorchoice v1.0.5
   Compiling walkdir v2.5.0
   Compiling compression-core v0.4.32
   Compiling anstyle-query v1.1.5
   Compiling atomic-waker v1.1.2
   Compiling is_terminal_polyfill v1.70.2
   Compiling form_urlencoded v1.2.2
   Compiling zmij v1.0.21
   Compiling ryu v1.0.23
   Compiling clap_lex v1.1.0
   Compiling strsim v0.11.1
   Compiling lazy_static v1.5.0
   Compiling linux-raw-sys v0.12.1
   Compiling libsqlite3-sys v0.30.1
   Compiling thread_local v1.1.9
   Compiling fallible-streaming-iterator v0.1.9
   Compiling fastrand v2.4.1
   Compiling anstream v1.0.0
   Compiling sharded-slab v0.1.7
   Compiling matchit v0.8.4
   Compiling fallible-iterator v0.3.0
   Compiling http-range-header v0.4.2
   Compiling http v1.4.2
   Compiling tracing v0.1.44
   Compiling futures-util v0.3.32
   Compiling flate2 v1.1.9
   Compiling tracing-log v0.2.0
   Compiling nu-ansi-term v0.50.3
   Compiling clap_builder v4.6.0
   Compiling rustix v1.1.4
   Compiling thiserror v2.0.18
   Compiling anyhow v1.0.103
   Compiling bit-vec v0.8.0
   Compiling fnv v1.0.7
   Compiling quick-error v1.2.3
   Compiling num-traits v0.2.19
   Compiling unarray v0.1.4
   Compiling generic-array v0.14.7
   Compiling bit-set v0.8.0
   Compiling compression-codecs v0.4.38
   Compiling parking_lot_core v0.9.12
   Compiling errno v0.3.14
   Compiling mio v1.2.1
   Compiling socket2 v0.6.4
   Compiling dirs-sys v0.5.0
   Compiling getrandom v0.3.4
   Compiling getrandom v0.4.2
   Compiling wait-timeout v0.2.1
   Compiling signal-hook-registry v1.4.8
   Compiling http-body v1.0.1
   Compiling dirs v6.0.0
   Compiling rand_core v0.9.5
   Compiling parking_lot v0.12.5
   Compiling shellexpand v3.1.2
   Compiling http-body-util v0.1.3
   Compiling block-buffer v0.10.4
   Compiling crypto-common v0.1.7
   Compiling rand_xorshift v0.4.0
   Compiling rand v0.9.4
   Compiling tokio v1.52.3
   Compiling digest v0.10.7
   Compiling axum-core v0.5.6
   Compiling sha2 v0.10.9
   Compiling rust-embed-utils v8.11.0
   Compiling rust-embed-impl v8.11.0
   Compiling regex-automata v0.4.14
   Compiling serde v1.0.228
   Compiling serde_json v1.0.150
   Compiling serde_path_to_error v0.1.20
   Compiling tempfile v3.27.0
   Compiling rust-embed v8.11.0
   Compiling rusty-fork v0.3.1
   Compiling serde_urlencoded v0.7.1
   Compiling clap v4.6.1
   Compiling futures-executor v0.3.32
   Compiling futures v0.3.32
   Compiling matchers v0.2.0
   Compiling tracing-subscriber v0.3.23
   Compiling ahash v0.8.12
   Compiling ppv-lite86 v0.2.21
   Compiling hashbrown v0.14.5
   Compiling rand_chacha v0.9.0
   Compiling proptest v1.11.0
   Compiling hashlink v0.9.1
   Compiling rusqlite v0.32.1
   Compiling hyper v1.10.1
   Compiling tokio-util v0.7.18
   Compiling tower v0.5.3
   Compiling async-compression v0.4.42
   Compiling tower-http v0.6.11
   Compiling tokio-stream v0.1.18
   Compiling hyper-util v0.1.20
   Compiling axum v0.8.9
   Compiling redline-web-server v0.1.0 (/tmp/redline-family-ci-192313-1784173362536058738/redline-web/apps/api)
    Finished `test` profile [unoptimized + debuginfo] target(s) in 13.39s
     Running unittests src/lib.rs (target/debug/deps/redline_web_server-a799085e23abb463)

running 8 tests
test connector::target_bin::tests::empty_cell_is_null ... ok
test connector::target_bin::tests::parses_tab_output ... ok
test connector::tests::ident_quoting ... ok
test connector::tests::read_only_detection ... ok
test metrics::tests::percentiles_are_nearest_rank ... ok
test metrics::tests::records_and_counts ... ok
test repair::tests::read_only_hint_points_at_the_authz_proof ... ok
test connector::target_bin::tests::unsupported_ops_error_cleanly ... ok

test result: ok. 8 passed; 0 failed; 0 ignored; 0 measured; 0 filtered out; finished in 0.00s

     Running unittests src/main.rs (target/debug/deps/redline_web-e19ef8feb3043cb9)

running 0 tests

test result: ok. 0 passed; 0 failed; 0 ignored; 0 measured; 0 filtered out; finished in 0.00s

     Running tests/api.rs (target/debug/deps/api-5aa102b7cfa1e285)

running 5 tests
test write_rejected_when_read_only ... ok
test health_is_ok ... ok
test query_select_returns_one ... ok
test metrics_counters_increment ... ok
test schema_lists_seeded_tables ... ok

test result: ok. 5 passed; 0 failed; 0 ignored; 0 measured; 0 filtered out; finished in 3.66s

     Running tests/connector.rs (target/debug/deps/connector-81d84b1936fdb3e4)

running 6 tests
test read_only_rejects_writes ... ok
test query_truncates_when_over_cap ... ok
test select_returns_rows ... ok
test seeds_demo_schema ... ok
test rejects_unknown_order_by ... ok
test truncates_at_max_rows ... ok

test result: ok. 6 passed; 0 failed; 0 ignored; 0 measured; 0 filtered out; finished in 0.00s

     Running tests/property.rs (target/debug/deps/property-8d636936f5c304d2)

running 6 tests
test commented_write_is_rejected ... ok
test quote_ident_neutralises_breakout ... ok
test read_statements_are_always_read_only ... ok
test write_statements_are_never_read_only ... ok
test quote_ident_is_always_well_formed ... ok
test quote_ident_round_trips ... ok

test result: ok. 6 passed; 0 failed; 0 ignored; 0 measured; 0 filtered out; finished in 0.01s

[redline-ci] backend: release build
   Compiling proc-macro2 v1.0.106
   Compiling unicode-ident v1.0.24
   Compiling quote v1.0.45
   Compiling libc v0.2.186
   Compiling version_check v0.9.5
   Compiling pin-project-lite v0.2.17
   Compiling cfg-if v1.0.4
   Compiling futures-core v0.3.32
   Compiling bytes v1.11.1
   Compiling once_cell v1.21.4
   Compiling itoa v1.0.18
   Compiling futures-sink v0.3.32
   Compiling unicase v2.9.0
   Compiling memchr v2.8.1
   Compiling typenum v1.20.1
   Compiling serde_core v1.0.228
   Compiling log v0.4.32
   Compiling smallvec v1.15.1
   Compiling slab v0.4.12
   Compiling mime v0.3.17
   Compiling zerocopy v0.8.52
   Compiling crc32fast v1.5.0
   Compiling futures-io v0.3.32
   Compiling futures-task v0.3.32
   Compiling option-ext v0.2.0
   Compiling adler2 v2.0.1
   Compiling futures-channel v0.3.32
   Compiling shlex v2.0.1
   Compiling httparse v1.10.1
   Compiling mime_guess v2.0.5
   Compiling tower-service v0.3.3
   Compiling find-msvc-tools v0.1.9
   Compiling simd-adler32 v0.3.9
   Compiling tracing-core v0.1.36
   Compiling serde v1.0.228
   Compiling utf8parse v0.2.2
   Compiling cpufeatures v0.2.17
   Compiling pkg-config v0.3.33
   Compiling generic-array v0.14.7
   Compiling ahash v0.8.12
   Compiling zmij v1.0.21
   Compiling same-file v1.0.6
   Compiling miniz_oxide v0.8.9
   Compiling cc v1.2.63
   Compiling tower-layer v0.3.3
   Compiling percent-encoding v2.3.2
   Compiling httpdate v1.0.3
   Compiling vcpkg v0.2.15
   Compiling walkdir v2.5.0
   Compiling anstyle-parse v1.0.0
   Compiling compression-core v0.4.32
   Compiling anstyle v1.0.14
   Compiling regex-syntax v0.8.11
   Compiling http v1.4.2
   Compiling sync_wrapper v1.0.2
   Compiling colorchoice v1.0.5
   Compiling flate2 v1.1.9
   Compiling parking_lot_core v0.9.12
   Compiling atomic-waker v1.1.2
   Compiling serde_json v1.0.150
   Compiling anstyle-query v1.1.5
   Compiling is_terminal_polyfill v1.70.2
   Compiling form_urlencoded v1.2.2
   Compiling anstream v1.0.0
   Compiling heck v0.5.0
   Compiling anyhow v1.0.103
   Compiling scopeguard v1.2.0
   Compiling syn v2.0.117
   Compiling ryu v1.0.23
   Compiling lazy_static v1.5.0
   Compiling bitflags v2.13.0
   Compiling strsim v0.11.1
   Compiling clap_lex v1.1.0
   Compiling thiserror v2.0.18
   Compiling sharded-slab v0.1.7
   Compiling lock_api v0.4.14
   Compiling tracing-log v0.2.0
   Compiling compression-codecs v0.4.38
   Compiling dirs-sys v0.5.0
   Compiling clap_builder v4.6.0
   Compiling errno v0.3.14
   Compiling mio v1.2.1
   Compiling socket2 v0.6.4
   Compiling thread_local v1.1.9
   Compiling crypto-common v0.1.7
   Compiling block-buffer v0.10.4
   Compiling dirs v6.0.0
   Compiling signal-hook-registry v1.4.8
   Compiling fallible-streaming-iterator v0.1.9
   Compiling digest v0.10.7
   Compiling shellexpand v3.1.2
   Compiling fallible-iterator v0.3.0
   Compiling http-range-header v0.4.2
   Compiling nu-ansi-term v0.50.3
   Compiling matchit v0.8.4
   Compiling parking_lot v0.12.5
   Compiling http-body v1.0.1
   Compiling sha2 v0.10.9
   Compiling libsqlite3-sys v0.30.1
   Compiling http-body-util v0.1.3
   Compiling rust-embed-utils v8.11.0
   Compiling regex-automata v0.4.14
   Compiling serde_path_to_error v0.1.20
   Compiling matchers v0.2.0
   Compiling hashbrown v0.14.5
   Compiling tokio-macros v2.7.0
   Compiling tracing-attributes v0.1.31
   Compiling futures-macro v0.3.32
   Compiling serde_derive v1.0.228
   Compiling axum-macros v0.5.1
   Compiling rust-embed-impl v8.11.0
   Compiling clap_derive v4.6.1
   Compiling thiserror-impl v2.0.18
   Compiling tokio v1.52.3
   Compiling rust-embed v8.11.0
   Compiling futures-util v0.3.32
   Compiling hashlink v0.9.1
   Compiling tracing v0.1.44
   Compiling axum-core v0.5.6
   Compiling tracing-subscriber v0.3.23
   Compiling clap v4.6.1
   Compiling serde_urlencoded v0.7.1
   Compiling futures-executor v0.3.32
   Compiling futures v0.3.32
   Compiling hyper v1.10.1
   Compiling tokio-util v0.7.18
   Compiling async-compression v0.4.42
   Compiling tower v0.5.3
   Compiling tokio-stream v0.1.18
   Compiling tower-http v0.6.11
   Compiling hyper-util v0.1.20
   Compiling axum v0.8.9
   Compiling rusqlite v0.32.1
   Compiling redline-web-server v0.1.0 (/tmp/redline-family-ci-192313-1784173362536058738/redline-web/apps/api)
    Finished `release` profile [optimized] target(s) in 57.76s
[redline-ci] backend: complete
[redline-ci] pr-ci: contract-drift lane
[redline-ci] contract-drift: checking OpenAPI <-> Rust DTOs <-> TS DTOs
[redline-ci] contract-drift: ok: 16 schemas, 10 paths in sync
[redline-ci] contract-drift: complete
[redline-ci] pr-ci: security lane
[redline-ci] security: gitleaks secret scan
[90m4:19AM[0m [32mINF[0m scan completed in 3.62s
[90m4:19AM[0m [32mINF[0m no leaks found
[redline-ci] security: cargo-audit
    Fetching advisory database from `https://github.com/RustSec/advisory-db.git`
      Loaded 1160 security advisories (from /home/ubuntu/.cargo/advisory-db)
    Updating crates.io index
    Scanning Cargo.lock for vulnerabilities (192 crate dependencies)
[redline-ci] security: cargo-deny
warning[license-not-encountered]: license was not encountered
   ┌─ /tmp/redline-family-ci-192313-1784173362536058738/redline-web/deny.toml:22:6
   │
22 │     "CC0-1.0",
   │      ━━━━━━━ unmatched license allowance

warning[license-not-encountered]: license was not encountered
   ┌─ /tmp/redline-family-ci-192313-1784173362536058738/redline-web/deny.toml:18:6
   │
18 │     "ISC",
   │      ━━━ unmatched license allowance

advisories ok, bans ok, licenses ok, sources ok
[redline-ci] security: npm audit (apps/web)
found 0 vulnerabilities
[redline-ci] security: zizmor workflow lint
[32m INFO[0m [2mzizmor[0m[2m:[0m 🌈 zizmor v1.25.2
[32m INFO[0m [1maudit[0m[2m:[0m [2mzizmor[0m[2m:[0m 🌈 completed .github/workflows/ci.yml
[32mNo findings to report. Good job![39m ([1m[93m4[39m suppressed[0m)
[redline-ci] security: SBOM
[0000]  WARN no explicit name and version provided for directory source, deriving artifact ID from the given path (which is not ideal)
[redline-ci] security: complete
[redline-ci] pr-ci: web e2e lane (browser required by the canonical required dispatcher)
[redline-ci] e2e: running Playwright smoke
(node:2261139) [DEP0205] DeprecationWarning: `module.register()` is deprecated. Use `module.registerHooks()` instead.
(Use `node --trace-deprecation ...` to show where the warning was created)

Running 4 tests using 4 workers

(node:2262030) [DEP0205] DeprecationWarning: `module.register()` is deprecated. Use `module.registerHooks()` instead.
(Use `node --trace-deprecation ...` to show where the warning was created)
(node:2262037) [DEP0205] DeprecationWarning: `module.register()` is deprecated. Use `module.registerHooks()` instead.
(Use `node --trace-deprecation ...` to show where the warning was created)
(node:2262031) [DEP0205] DeprecationWarning: `module.register()` is deprecated. Use `module.registerHooks()` instead.
(Use `node --trace-deprecation ...` to show where the warning was created)
(node:2262038) [DEP0205] DeprecationWarning: `module.register()` is deprecated. Use `module.registerHooks()` instead.
(Use `node --trace-deprecation ...` to show where the warning was created)
  ✓  4 [chromium] › e2e/smoke.spec.ts:16:1 › POST /api/query round-trips through the connector (67ms)
  ✓  2 [chromium] › e2e/smoke.spec.ts:9:1 › SPA renders the workbench shell (3.4s)
  ✓  3 [chromium] › e2e/smoke.spec.ts:28:1 › running a query from the UI shows results (3.5s)
  ✓  1 [chromium] › e2e/smoke.spec.ts:37:1 › the workbench has no critical accessibility violations (4.0s)

  4 passed (7.3s)
[redline-ci] e2e: complete
[redline-ci] pr-ci: cost-budget + release-readiness lanes
[redline-ci] cost-budget: validating zero-spend manifest
[redline-ci] cost-budget: complete
[redline-ci] release-readiness: validating release evidence surface
[redline-ci] release-readiness: complete
[redline-ci] pr-ci: jankurai tool-suite evidence
[redline-ci] jankurai: audit-ci (score)
[smart] full scan — no prior state
score history appended ./.jankurai/score-history.jsonl
score=88 raw=88 caps=0 findings=5
[redline-ci] jankurai: proof-routing
Error: provide at least one --changed path or --changed-from ref
[redline-ci][warn] jankurai: proof-routing failed (non-fatal; supplementary evidence lane)
[redline-ci] jankurai: proofbind
[redline-ci] jankurai: proofmark-rust
[redline-ci] jankurai: copy-code
copy-code status=pass hard=0 warning=0 classes=0 json=/tmp/redline-family-ci-192313-1784173362536058738/redline-web/target/jankurai/copy-code.json md=/tmp/redline-family-ci-192313-1784173362536058738/redline-web/target/jankurai/copy-code.md
[redline-ci] jankurai: security evidence
[redline-ci] jankurai: language bad-behavior
[redline-ci] language-bad-behavior: jankurai ci-bad-behavior
[redline-ci] language-bad-behavior: jankurai git-bad-behavior
[redline-ci] language-bad-behavior: jankurai release-bad-behavior
[redline-ci] language-bad-behavior: complete
[redline-ci] jankurai: rust-witness
witness graph written: 1 crates, 78 pub items indexed
[redline-ci] jankurai: authz-matrix + input-boundary + agent-tool-supply (audit detectors)
[smart] full scan — periodic check
score history appended ./.jankurai/score-history.jsonl
score=88 raw=88 caps=0 findings=5
[redline-ci] jankurai: contract-drift
[redline-ci] contract-drift: checking OpenAPI <-> Rust DTOs <-> TS DTOs
[redline-ci] contract-drift: ok: 16 schemas, 10 paths in sync
[redline-ci] contract-drift: complete
[redline-ci] jankurai: release-readiness (script)
[redline-ci] release-readiness: validating release evidence surface
[redline-ci] release-readiness: complete
[redline-ci] jankurai: cost-budget
[redline-ci] cost-budget: validating zero-spend manifest
[redline-ci] cost-budget: complete
[redline-ci] jankurai: ux-qa
[redline-ci] ux-qa: jankurai ux audit
node:internal/modules/cjs/loader:1505
  throw err;
  ^

Error: Cannot find module '/tmp/redline-family-ci-192313-1784173362536058738/redline-web/packages/ux-qa/dist/cli.js'
    at Module._resolveFilename (node:internal/modules/cjs/loader:1502:15)
    at wrapResolveFilename (node:internal/modules/cjs/loader:1073:27)
    at defaultResolveImplForCJSLoading (node:internal/modules/cjs/loader:1097:10)
    at resolveForCJSWithHooks (node:internal/modules/cjs/loader:1118:12)
    at Module._load (node:internal/modules/cjs/loader:1287:25)
    at wrapModuleLoad (node:internal/modules/cjs/loader:255:19)
    at Module.executeUserEntryPoint [as runMain] (node:internal/modules/run_main:154:5)
    at node:internal/main/run_main_module:33:47 {
  code: 'MODULE_NOT_FOUND',
  requireStack: []
}

Node.js v26.1.0
Error: jankurai ux exited with exit status: 1
[redline-ci][warn] ux-qa: jankurai ux audit emitted a non-zero status (supplementary lane)
[redline-ci] ux-qa: recording rendered-UX evidence receipt
[redline-ci] ux-qa: complete
[redline-ci] evidence-catalog: wrote /tmp/redline-family-ci-192313-1784173362536058738/redline-web/target/jankurai/ci-evidence-catalog.txt
[redline-ci] pr-ci: OK
